Command: /Users/jpedroriverop/.espressif/python_env/idf5.5_py3.9_env/bin/python /Users/jpedroriverop/esp/esp-idf/tools/idf_monitor.py -p /dev/cu.usbserial-0001 -b 115200 --toolchain-prefix xtensa-esp32-elf- --target esp32 --revision 0 /Users/jpedroriverop/proyectos/proyecto-ruido-iot/hardware/simulador_ruido/build/simulador_ruido.elf /Users/jpedroriverop/proyectos/proyecto-ruido-iot/hardware/simulador_ruido/build/bootloader/bootloader.elf -m '/Users/jpedroriverop/.espressif/python_env/idf5.5_py3.9_env/bin/python' '/Users/jpedroriverop/esp/esp-idf/tools/idf.py'
(35) boot.esp32: SPI Speed      : 40MHz
[0;32mI (39) boot.esp32: SPI Mode   arly entropy source...[0m
[0;32mI (50) boot: Partition Table:[0m
[0;32mI (53) boot: ## Label            Usage          Type ST Offset   Length[0m
[0;32mI (59) boot:  0 nvs              WiFi data        01 02 00009000 00006000[0m
I (6ï¿½ets Jul 29 2019 12:21:46

rst:0x1 (POWERON_RESET),boot:0x13 (SPI_FAST_FLASH_BOOT)
configsip: 0, SPIWP:0xee
clk_drv:0x00,q_drv:0x00,d_drv:0x00,cs0_drv:0x00,hd_drv:0x00,wp_drv:0x00
mode:DIO, clock div:2
load:0x3fff0030,len:6380
ho 0 tail 12 room 4
load:0x40078000,len:15904
load:0x40080400,len:3860
entry 0x40080638
[0;32mI (29) boot: ESP-IDF v5.5-dev-3129-gd930a386da 2nd stage bootloader[0m
[0;32mI (29) boot: compile time Apr 21 2025 19:54:15[0m
[0;32mI (29) boot: Multicore bootloader[0m
[0;32mI (32) boot: chip revision: v3.1[0m
[0;32mI (35) boot.esp32: SPI Speed      : 40MHz[0m
[0;32mI (39) boot.esp32: SPI Mode       : DIO[0m
[0;32mI (42) boot.esp32: SPI Flash Size : 2MB[0m
[0;32mI (46) boot: Enabling RNG early entropy source...[0m
[0;32mI (50) boot: Partition Table:[0m
[0;32mI (53) boot: ## Label            Usage          Type ST Offset   Length[0m
[0;32mI (59) boot:  0 nvs              WiFi data        01 02 00009000 00006000[0m
[0;32mI (66) boot:  1 phy_init         RF data          01 01 0000f000 00001000[0m
[0;32mI (72) boot:  2 factory          factory app      00 00 00010000 00100000[0m
[0;32mI (79) boot: End of partition table[0m
[0;32mI (82) esp_image: segment 0: paddr=00010020 vaddr=3f400020 size=1cf78h (118648) map[0m
[0;32mI (130) esp_image: segment 1: paddr=0002cfa0 vaddr=3ff80000 size=0001ch (    28) load[0m
[0;32mI (130) esp_image: segment 2: paddr=0002cfc4 vaddr=3ffb0000 size=03054h ( 12372) load[0m
[0;32mI (139) esp_image: segment 3: paddr=00030020 vaddr=400d0020 size=9aa7ch (633468) map[0m
[0;32mI (358) esp_image: segment 4: paddr=000caaa4 vaddr=3ffb3054 size=00dcch (  3532) load[0m
[0;32mI (360) esp_image: segment 5: paddr=000cb878 vaddr=40080000 size=17a08h ( 96776) load[0m
[0;32mI (411) boot: Loaded app from partition at offset 0x10000[0m
[0;32mI (411) boot: Disabling RNG early entropy source...[0m
[0;32mI (422) cpu_start: Multicore app[0m
[0;32mI (430) cpu_start: Pro cpu start user code[0m
[0;32mI (430) cpu_start: cpu freq: 160000000 Hz[0m
[0;32mI (430) app_init: Application information:[0m
[0;32mI (430) app_init: Project name:     simulador_ruido[0m
[0;32mI (435) app_init: App version:      1[0m
[0;32mI (438) app_init: Compile time:     Apr 21 2025 22:56:04[0m
[0;32mI (443) app_init: ELF file SHA256:  4675ca4fe...[0m
[0;32mI (447) app_init: ESP-IDF:          v5.5-dev-3129-gd930a386da[0m
[0;32mI (453) efuse_init: Min chip rev:     v0.0[0m
[0;32mI (457) efuse_init: Max chip rev:     v3.99 [0m
[0;32mI (461) efuse_init: Chip rev:         v3.1[0m
[0;32mI (465) heap_init: Initializing. RAM available for dynamic allocation:[0m
[0;32mI (471) heap_init: At 3FFAE6E0 len 00001920 (6 KiB): DRAM[0m
[0;32mI (476) heap_init: At 3FFB8518 len 00027AE8 (158 KiB): DRAM[0m
[0;32mI (481) heap_init: At 3FFE0440 len 00003AE0 (14 KiB): D/IRAM[0m
[0;32mI (487) heap_init: At 3FFE4350 len 0001BCB0 (111 KiB): D/IRAM[0m
[0;32mI (492) heap_init: At 40097A08 len 000085F8 (33 KiB): IRAM[0m
[0;32mI (499) spi_flash: detected chip: generic[0m
[0;32mI (501) spi_flash: flash io: dio[0m
[0;33mW (504) spi_flash: Detected size(4096k) larger than the size in the binary image header(2048k). Using the size in the binary image header.[0m
[0;32mI (517) main_task: Started on CPU0[0m
[0;32mI (527) main_task: Calling app_main()[0m
[0;32mI (527) SIMULADOR_RUIDO: Inicio del sistema[0m
[0;32mI (557) wifi:wifi driver task: 3ffc04c4, prio:23, stack:6656, core=0[0m
[0;32mI (567) wifi:wifi firmware version: 656db1919e[0m
[0;32mI (567) wifi:wifi certification version: v7.0[0m
[0;32mI (567) wifi:config NVS flash: enabled[0m
[0;32mI (567) wifi:config nano formatting: disabled[0m
[0;32mI (577) wifi:Init data frame dynamic rx buffer num: 32[0m
[0;32mI (577) wifi:Init static rx mgmt buffer num: 5[0m
[0;32mI (577) wifi:Init management short buffer num: 32[0m
[0;32mI (587) wifi:Init dynamic tx buffer num: 32[0m
[0;32mI (587) wifi:Init static rx buffer size: 1600[0m
[0;32mI (597) wifi:Init static rx buffer num: 10[0m
[0;32mI (597) wifi:Init dynamic rx buffer num: 32[0m
[0;32mI (607) wifi_init: rx ba win: 6[0m
[0;32mI (607) wifi_init: accept mbox: 6[0m
[0;32mI (607) wifi_init: tcpip mbox: 32[0m
[0;32mI (607) wifi_init: udp mbox: 6[0m
[0;32mI (617) wifi_init: tcp mbox: 6[0m
[0;32mI (617) wifi_init: tcp tx win: 5760[0m
[0;32mI (617) wifi_init: tcp rx win: 5760[0m
[0;32mI (627) wifi_init: tcp mss: 1440[0m
[0;32mI (627) wifi_init: WiFi IRAM OP enabled[0m
[0;32mI (627) wifi_init: WiFi RX IRAM OP enabled[0m
[0;33mW (637) wifi:Password length matches WPA2 standards, authmode threshold changes from OPEN to WPA2[0m
[0;32mI (647) phy_init: phy_version 4860,6b7a6e5,Feb  6 2025,14:47:07[0m
[0;32mI (737) wifi:mode : sta (d8:bc:38:fc:0a:c8)[0m
[0;32mI (737) wifi:enable tsf[0m
[0;32mI (737) SIMULADOR_RUIDO: Conectando a Tenda_A5B4D0...[0m
[1;31mE (737) esp-tls: [sock=54] connect() error: Host is unreachable[0m
[1;31mE (747) transport_base: Failed to open a new connection: 32772[0m
[1;31mE (747) mqtt_client: Error transport connect[0m
[0;32mI (747) SIMULADOR_RUIDO: Tarea de simulaciÃ³n iniciada[0m
[0;32mI (757) SIMULADOR_RUIDO: Publicado: {"ruido": 64}[0m
[0;32mI (757) main_task: Returned from app_main()[0m
[1;31mE (15747) esp-tls: [sock=54] connect() error: Host is unreachable[0m
[1;31mE (15747) transport_base: Failed to open a new connection: 32772[0m
[1;31mE (15747) mqtt_client: Error transport connect[0m
[1;31mE (30747) esp-tls: [sock=54] connect() error: Host is unreachable[0m
[1;31mE (30747) transport_base: Failed to open a new connection: 32772[0m
[1;31mE (30747) mqtt_client: Error transport connect[0m
[0;32mI (30757) SIMULADOR_RUIDO: Publicado: {"ruido": 66}[0m
[1;31mE (45747) esp-tls: [sock=54] connect() error: Host is unreachable[0m
[1;31mE (45747) transport_base: Failed to open a new connection: 32772[0m
[1;31mE (45747) mqtt_client: Error transport connect[0m
[1;31mE (60747) esp-tls: [sock=54] connect() error: Host is unreachable[0m
[1;31mE (60747) transport_base: Failed to open a new connection: 32772[0m
[1;31mE (60747) mqtt_client: Error transport connect[0m
[0;32mI (60757) SIMULADOR_RUIDO: Publicado: {"ruido": 67}[0m
[1;31mE (75747) esp-tls: [sock=54] connect() error: Host is unreachable[0m
[1;31mE (75747) transport_base: Failed to open a new connection: 32772[0m
[1;31mE (75747) mqtt_client: Error transport connect[0m
[1;31mE (90747) esp-tls: [sock=54] connect() error: Host is unreachable[0m
[1;31mE (90747) transport_base: Failed to open a new connection: 32772[0m
[1;31mE (90747) mqtt_client: Error transport connect[0m
[0;32mI (90757) SIMULADOR_RUIDO: Publicado: {"ruido": 68}[0m
[1;31mE (105747) esp-tls: [sock=54] connect() error: Host is unreachable[0m
[1;31mE (105747) transport_base: Failed to open a new connection: 32772[0m
[1;31mE (105747) mqtt_client: Error transport connect[0m
