Command: /Users/jpedroriverop/.espressif/python_env/idf5.5_py3.9_env/bin/python /Users/jpedroriverop/esp/esp-idf/tools/idf_monitor.py -p /dev/cu.usbserial-0001 -b 115200 --toolchain-prefix xtensa-esp32-elf- --target esp32 --revision 0 /Users/jpedroriverop/proyectos/proyecto-ruido-iot/hardware/simulador_ruido/build/simulador_ruido.elf /Users/jpedroriverop/proyectos/proyecto-ruido-iot/hardware/simulador_ruido/build/bootloader/bootloader.elf -m '/Users/jpedroriverop/.espressif/python_env/idf5.5_py3.9_env/bin/python' '/Users/jpedroriverop/esp/esp-idf/tools/idf.py' '-p' '/dev/cu.usbserial-0001'
 chip revision: v3.1
[0;32mI (35) boot.esp32: SPI Speed      : 40MHz[0mMS	ï¿½ï¿½ï¿½ï¿½ Enabling RNG early entropy source...
[0;32mI (50) boot: Partition Table:[0m
[0;32mI (53) boot: ## Label            Usage          Type ST Offset   Length[0m
[0;32mI (59) boot:  0 nvs              WiFi data        01 02 ï¿½ets Jul 29 2019 12:21:46[0m

rst:0x1 (POWERON_RESET),boot:0x13 (SPI_FAST_FLASH_BOOT)
configsip: 0, SPIWP:0xee
clk_drv:0x00,q_drv:0x00,d_drv:0x00,cs0_drv:0x00,hd_drv:0x00,wp_drv:0x00
mode:DIO, clock div:2
load:0x3fff0030,len:6380
ho 0 tail 12 room 4
load:0x40078000,len:15904
load:0x40080400,len:3860
entry 0x40080638
[0;32mI (29) boot: ESP-IDF v5.5-dev-3129-gd930a386da 2nd stage bootloader[0m
[0;32mI (29) boot: compile time Apr 21 2025 19:54:15[0m
[0;32mI (29) boot: Multicore bootloader[0m
[0;32mI (32) boot: chip revision: v3.1[0m
[0;32mI (35) boot.esp32: SPI Speed      : 40MHz[0m
[0;32mI (39) boot.esp32: SPI Mode       : DIO[0m
[0;32mI (42) boot.esp32: SPI Flash Size : 2MB[0m
[0;32mI (46) boot: Enabling RNG early entropy source...[0m
[0;32mI (50) boot: Partition Table:[0m
[0;32mI (53) boot: ## Label            Usage          Type ST Offset   Length[0m
[0;32mI (59) boot:  0 nvs              WiFi data        01 02 00009000 00006000[0m
[0;32mI (66) boot:  1 phy_init         RF data          01 01 0000f000 00001000[0m
[0;32mI (72) boot:  2 factory          factory app      00 00 00010000 00100000[0m
[0;32mI (79) boot: End of partition table[0m
[0;32mI (82) esp_image: segment 0: paddr=00010020 vaddr=3f400020 size=09938h ( 39224) map[0m
[0;32mI (103) esp_image: segment 1: paddr=00019960 vaddr=3ff80000 size=0001ch (    28) load[0m
[0;32mI (103) esp_image: segment 2: paddr=00019984 vaddr=3ffb0000 size=022f4h (  8948) load[0m
[0;32mI (110) esp_image: segment 3: paddr=0001bc80 vaddr=40080000 size=04398h ( 17304) load[0m
[0;32mI (121) esp_image: segment 4: paddr=00020020 vaddr=400d0020 size=134a8h ( 79016) map[0m
[0;32mI (149) esp_image: segment 5: paddr=000334d0 vaddr=40084398 size=088f4h ( 35060) load[0m
[0;32mI (169) boot: Loaded app from partition at offset 0x10000[0m
[0;32mI (169) boot: Disabling RNG early entropy source...[0m
[0;32mI (180) cpu_start: Multicore app[0m
[0;32mI (188) cpu_start: Pro cpu start user code[0m
[0;32mI (188) cpu_start: cpu freq: 160000000 Hz[0m
[0;32mI (188) app_init: Application information:[0m
[0;32mI (188) app_init: Project name:     simulador_ruido[0m
[0;32mI (193) app_init: App version:      1[0m
[0;32mI (196) app_init: Compile time:     Apr 21 2025 19:54:27[0m
[0;32mI (201) app_init: ELF file SHA256:  3922ad3c2...[0m
[0;32mI (206) app_init: ESP-IDF:          v5.5-dev-3129-gd930a386da[0m
[0;32mI (211) efuse_init: Min chip rev:     v0.0[0m
[0;32mI (215) efuse_init: Max chip rev:     v3.99 [0m
[0;32mI (219) efuse_init: Chip rev:         v3.1[0m
[0;32mI (223) heap_init: Initializing. RAM available for dynamic allocation:[0m
[0;32mI (229) heap_init: At 3FFAE6E0 len 00001920 (6 KiB): DRAM[0m
[0;32mI (234) heap_init: At 3FFB2BB8 len 0002D448 (181 KiB): DRAM[0m
[0;32mI (239) heap_init: At 3FFE0440 len 00003AE0 (14 KiB): D/IRAM[0m
[0;32mI (245) heap_init: At 3FFE4350 len 0001BCB0 (111 KiB): D/IRAM[0m
[0;32mI (250) heap_init: At 4008CC8C len 00013374 (76 KiB): IRAM[0m
[0;32mI (257) spi_flash: detected chip: generic[0m
[0;32mI (259) spi_flash: flash io: dio[0m
[0;33mW (262) spi_flash: Detected size(4096k) larger than the size in the binary image header(2048k). Using the size in the binary image header.[0m
[0;32mI (275) main_task: Started on CPU0[0m
[0;32mI (285) main_task: Calling app_main()[0m
[0;32mI (285) main_task: Returned from app_main()[0m
